// Jest Snapshot v1, https://goo.gl/fbAQLP

exports[`Should capturing snapshot of Item 1`] = `
<li
  className="point"
  draggable={true}
  onDragEnd={[Function]}
  onDragOver={[Function]}
  onDragStart={[Function]}
  onTouchEnd={[Function]}
  onTouchMove={[Function]}
  onTouchStart={[Function]}
>
  <div
    className="text"
  >
    Соединённые Штаты Америки
  </div>
  <div
    className="close-btn"
    title="Remove point"
  >
    ×
  </div>
</li>
`;
